// Jest Snapshot v1, https://goo.gl/fbAQLP

exports[`<UsersViewContainer /> Shallow rendering renders without crashing 1`] = `
<UsersViewComponent
  currentUser="alice"
  getAllUsers={[Function]}
  users={
    Object {
      "alice": Object {
        "followers": Array [
          "bob",
        ],
        "following": Array [
          "bob",
        ],
        "likes": Array [
          Object {
            "idx": 5,
            "relation": Object {
              "index": 1,
              "userId": "c6e5e284054bcbcd2cddea1ec36579e1fdf8e788d8a46d0351e276b4d0bb297c",
              "username": "bob",
            },
          },
          Object {
            "idx": 6,
            "relation": Object {
              "index": 2,
              "userId": "c6e5e284054bcbcd2cddea1ec36579e1fdf8e788d8a46d0351e276b4d0bb297c",
              "username": "bob",
            },
          },
        ],
        "memoIds": Array [
          "[alice][1]",
          "[alice][2]",
        ],
        "profile": Object {
          "avatarUrl": "https://s3.amazonaws.com/uifaces/faces/twitter/madcampos/128.jpg",
          "bio": "Quod architecto molestias et.",
          "followersCount": 1,
          "followingCount": 1,
          "likesCount": 2,
          "username": "alice",
        },
        "userId": "f0fd479ba875bf2232a4043dbefff24e2af2ca5ccd50b3ba9e91673707336726",
        "username": "alice",
      },
      "bob": Object {
        "followers": Array [
          "alice",
        ],
        "following": Array [
          "alice",
        ],
        "likes": Array [
          Object {
            "idx": 7,
            "relation": Object {
              "index": 1,
              "userId": "f0fd479ba875bf2232a4043dbefff24e2af2ca5ccd50b3ba9e91673707336726",
              "username": "alice",
            },
          },
          Object {
            "idx": 8,
            "relation": Object {
              "index": 2,
              "userId": "f0fd479ba875bf2232a4043dbefff24e2af2ca5ccd50b3ba9e91673707336726",
              "username": "alice",
            },
          },
        ],
        "memoIds": Array [
          "[bob][1]",
          "[bob][2]",
        ],
        "profile": Object {
          "avatarUrl": "https://s3.amazonaws.com/uifaces/faces/twitter/madcampos/129.jpg",
          "bio": "Id qui nisi asperiores vel quo.",
          "followersCount": 1,
          "followingCount": 1,
          "likesCount": 1,
          "username": "bob",
        },
        "userId": "c6e5e284054bcbcd2cddea1ec36579e1fdf8e788d8a46d0351e276b4d0bb297c",
        "username": "bob",
      },
    }
  }
/>
`;
