// Jest Snapshot v1, https://goo.gl/fbAQLP

exports[`<UsersViewComponent /> renders user profiles 1`] = `
<Container
  style={
    Object {
      "marginTop": "7em",
    }
  }
>
  <UserProfilesComponent
    itemsPerRow={4}
    userProfiles={
      Array [
        Object {
          "avatarUrl": "https://s3.amazonaws.com/uifaces/faces/twitter/madcampos/129.jpg",
          "bio": "Id qui nisi asperiores vel quo.",
          "followersCount": 1,
          "followingCount": 1,
          "likesCount": 1,
          "username": "bob",
        },
      ]
    }
  />
</Container>
`;

exports[`<UsersViewComponent /> renders without crashing 1`] = `""`;
