// Jest Snapshot v1, https://goo.gl/fbAQLP

exports[`<PostMemoComponent /> renders without crashing 1`] = `
<Segment
  className="post-memo"
>
  <Form
    as="form"
  >
    <div>
      <TextAreaWithCharCounter
        autoHeight={true}
        className=" error"
        key="message"
        maxLength={144}
        name="message"
        placeholder="Your Message"
        style={
          Object {
            "height": "100%",
            "minHeight": 20,
          }
        }
        value="message"
      />
      <Button
        as="button"
        content="Post Memo"
        disabled={true}
        primary={true}
        role="button"
        type="submit"
      />
    </div>
  </Form>
</Segment>
`;
