// Jest Snapshot v1, https://goo.gl/fbAQLP

exports[`<PostMemoComponent /> renders without crashing 1`] = `
<Segment
  className="post-memo"
  color="blue"
>
  <Form
    as="form"
  >
    <div>
      <Segment
        style={
          Object {
            "border": "none",
            "boxShadow": "none",
            "margin": 0,
            "padding": 0,
          }
        }
      >
        <TextAreaWithCharCounter
          autoHeight={true}
          className=" error"
          key="message"
          maxLength={144}
          name="message"
          placeholder="Your Message"
          style={
            Object {
              "height": "100%",
              "minHeight": 20,
            }
          }
          value="message"
        />
      </Segment>
    </div>
    <Button
      as="button"
      content="Post Memo"
      disabled={true}
      icon="edit"
      labelPosition="left"
      primary={true}
      role="button"
      type="submit"
    />
  </Form>
</Segment>
`;
