// Jest Snapshot v1, https://goo.gl/fbAQLP

exports[`<ProfileOverviewComponent /> should render my user 1`] = `
<Card
  as="div"
  link={true}
  onClick={[Function]}
>
  <Image
    as="img"
    fluid={true}
    src="https://s3.amazonaws.com/uifaces/faces/twitter/madcampos/128.jpg"
    ui={true}
  />
  <CardContent>
    <CardHeader>
      alice
      <Connect(FollowButtonComponent)
        userProfile={
          Object {
            "avatarUrl": "https://s3.amazonaws.com/uifaces/faces/twitter/madcampos/128.jpg",
            "bio": "Quod architecto molestias et.",
            "followersCount": 1,
            "followingCount": 1,
            "likesCount": 1,
            "username": "alice",
          }
        }
      />
    </CardHeader>
    <CardDescription>
      Quod architecto molestias et.
    </CardDescription>
  </CardContent>
  <CardContent
    extra={true}
  >
    <Label>
      Followers
      <LabelDetail>
        1
      </LabelDetail>
    </Label>
    <Label>
      Following
      <LabelDetail>
        1
      </LabelDetail>
    </Label>
  </CardContent>
</Card>
`;

exports[`<ProfileOverviewComponent /> should render user followed by me 1`] = `
<Card
  as="div"
  link={true}
  onClick={[Function]}
>
  <Image
    as="img"
    fluid={true}
    src="https://s3.amazonaws.com/uifaces/faces/twitter/madcampos/128.jpg"
    ui={true}
  />
  <CardContent>
    <CardHeader>
      alice
      <Connect(FollowButtonComponent)
        userProfile={
          Object {
            "avatarUrl": "https://s3.amazonaws.com/uifaces/faces/twitter/madcampos/128.jpg",
            "bio": "Quod architecto molestias et.",
            "followersCount": 1,
            "followingCount": 1,
            "likesCount": 1,
            "username": "alice",
          }
        }
      />
    </CardHeader>
    <CardDescription>
      Quod architecto molestias et.
    </CardDescription>
  </CardContent>
  <CardContent
    extra={true}
  >
    <Label>
      Followers
      <LabelDetail>
        1
      </LabelDetail>
    </Label>
    <Label>
      Following
      <LabelDetail>
        1
      </LabelDetail>
    </Label>
  </CardContent>
</Card>
`;

exports[`<ProfileOverviewComponent /> should render user not followed by me 1`] = `
<Card
  as="div"
  link={true}
  onClick={[Function]}
>
  <Image
    as="img"
    fluid={true}
    src="https://s3.amazonaws.com/uifaces/faces/twitter/madcampos/128.jpg"
    ui={true}
  />
  <CardContent>
    <CardHeader>
      alice
      <Connect(FollowButtonComponent)
        userProfile={
          Object {
            "avatarUrl": "https://s3.amazonaws.com/uifaces/faces/twitter/madcampos/128.jpg",
            "bio": "Quod architecto molestias et.",
            "followersCount": 1,
            "followingCount": 1,
            "likesCount": 1,
            "username": "alice",
          }
        }
      />
    </CardHeader>
    <CardDescription>
      Quod architecto molestias et.
    </CardDescription>
  </CardContent>
  <CardContent
    extra={true}
  >
    <Label>
      Followers
      <LabelDetail>
        1
      </LabelDetail>
    </Label>
    <Label>
      Following
      <LabelDetail>
        1
      </LabelDetail>
    </Label>
  </CardContent>
</Card>
`;

exports[`<ProfileOverviewComponent /> should render without crashing 1`] = `
<Card
  as="div"
  link={true}
  onClick={[Function]}
>
  <Image
    as="img"
    fluid={true}
    src="https://s3.amazonaws.com/uifaces/faces/twitter/madcampos/128.jpg"
    ui={true}
  />
  <CardContent>
    <CardHeader>
      alice
      <Connect(FollowButtonComponent)
        userProfile={
          Object {
            "avatarUrl": "https://s3.amazonaws.com/uifaces/faces/twitter/madcampos/128.jpg",
            "bio": "Quod architecto molestias et.",
            "followersCount": 1,
            "followingCount": 1,
            "likesCount": 1,
            "username": "alice",
          }
        }
      />
    </CardHeader>
    <CardDescription>
      Quod architecto molestias et.
    </CardDescription>
  </CardContent>
  <CardContent
    extra={true}
  >
    <Label>
      Followers
      <LabelDetail>
        1
      </LabelDetail>
    </Label>
    <Label>
      Following
      <LabelDetail>
        1
      </LabelDetail>
    </Label>
  </CardContent>
</Card>
`;
