// Jest Snapshot v1, https://goo.gl/fbAQLP

exports[`<UserMenuContainer /> Shallow rendering renders without crashing 1`] = `
<UserMenuComponent
  avatarUrl="https://s3.amazonaws.com/uifaces/faces/twitter/madcampos/128.jpg"
  onProfileClicked={[Function]}
  onSignOutClicked={[Function]}
  username="alice"
/>
`;
