// Jest Snapshot v1, https://goo.gl/fbAQLP

exports[`<ProfileEditContainer /> Shallow rendering renders without crashing 1`] = `
<Formik
  enableReinitialize={false}
  handleSubmit={[Function]}
  initialValues={
    Object {
      "text": "Hey, I'm Alice",
      "username": "alice",
    }
  }
  isInitialValid={false}
  onSubmit={[Function]}
  profile={
    Object {
      "$action": 0,
      "$meta": Object {
        "userId": "d4a093ed4e56c8c2411281d829715d9ab552c0bb762065c9ca1d96d3fd07866d",
      },
      "$rev": 1,
      "$scope": "ac431f268fc8044d6baa36eb58eab96d3efd4ef32a354e57fd04f17c52de947c",
      "$scopeId": "yWzpUT3PNNo24Pa2maCMUXdBMBVKGBKkHH",
      "$type": "userProfile",
      "address": "Wonderland",
      "avatarUrl": "https://robohash.org/set_set2/bgset_bg2/ppkQqaIfGqx",
      "name": "Alice",
      "text": "Hey, I'm Alice",
    }
  }
  render={[Function]}
  username="alice"
  validateOnBlur={true}
  validateOnChange={true}
  validationSchema={[Function]}
/>
`;
