// Jest Snapshot v1, https://goo.gl/fbAQLP

exports[`<ProfileEditComponent /> should render without crashing 1`] = `
<Form
  as="form"
>
  <Card>
    <Image
      as="img"
      size="medium"
      src="https://s3.amazonaws.com/uifaces/faces/twitter/madcampos/128.jpg"
      ui={true}
    />
    <CardContent>
      <CardHeader>
        alice
        <Connect(FollowButtonComponent)
          userProfile={
            Object {
              "avatarUrl": "https://s3.amazonaws.com/uifaces/faces/twitter/madcampos/128.jpg",
              "bio": "Quod architecto molestias et.",
              "followersCount": 1,
              "followingCount": 1,
              "likesCount": 1,
              "username": "alice",
            }
          }
        />
      </CardHeader>
      <CardDescription>
        <TextAreaWithCharCounter
          autoHeight={true}
          maxLength="144"
          name="bio"
          value="bio"
        />
      </CardDescription>
    </CardContent>
    <CardContent
      extra={true}
      textAlign="right"
    >
      <Button
        as="button"
        content="Update"
        disabled={false}
        primary={true}
        role="button"
        size="mini"
        type="submit"
      />
      <Button
        as="button"
        content="Cancel"
        role="button"
        size="mini"
        type="reset"
      />
    </CardContent>
  </Card>
</Form>
`;
