// Jest Snapshot v1, https://goo.gl/fbAQLP

exports[`<HeaderComponent /> should render without crashing 1`] = `
<header>
  <Menu
    color="blue"
    fixed="top"
  >
    <Container>
      <MenuItem
        as="a"
        header={true}
        onClick={[MockFunction]}
      >
        <Logo />
        MemoDash
      </MenuItem>
      <MenuItem
        active={false}
        as="a"
        onClick={[MockFunction]}
      >
        Home
      </MenuItem>
      <MenuItem
        active={false}
        as="a"
      >
        Users
      </MenuItem>
      <MenuMenu
        position="right"
      >
        <MenuItem>
          <Connect(SearchComponent) />
        </MenuItem>
        <Connect(UserMenuComponent) />
      </MenuMenu>
    </Container>
  </Menu>
</header>
`;
