// Jest Snapshot v1, https://goo.gl/fbAQLP

exports[`<UserProfileComponent /> should render without crashing 1`] = `
<Card
  as="div"
  link={true}
  onClick={[Function]}
>
  <Image
    as="img"
    fluid={true}
    src="https://s3.amazonaws.com/uifaces/faces/twitter/madcampos/128.jpg"
    ui={true}
  />
  <CardContent>
    <CardHeader>
      alice
    </CardHeader>
    <CardDescription>
      Quod architecto molestias et.
    </CardDescription>
  </CardContent>
  <CardContent
    extra={true}
  >
    <Label>
      Followers
      <LabelDetail>
        1
      </LabelDetail>
    </Label>
    <Label>
      Following
      <LabelDetail>
        1
      </LabelDetail>
    </Label>
  </CardContent>
</Card>
`;
