// Jest Snapshot v1, https://goo.gl/fbAQLP

exports[`<MemosComponent /> renders without crashing 1`] = `
<Segment
  basic={true}
  center={true}
>
  <CommentGroup>
    <Connect(MemoModalComponent) />
  </CommentGroup>
</Segment>
`;

exports[`<MemosComponent /> should render memos 1`] = `
<Segment
  basic={true}
  center={true}
>
  <CommentGroup>
    <Connect(MemoComponent)
      key="[bob][1]"
      memo={
        Object {
          "avatarUrl": "https://s3.amazonaws.com/uifaces/faces/twitter/rangafangs/128.jpg",
          "idx": 1,
          "memoDatetime": "2018-07-26T16:45:08.218Z",
          "memoLikesCount": 0,
          "memoRepliesCount": 0,
          "memoText": "Qui magnam maiores laboriosam animi sit aut.",
          "memoTipTotal": 0,
          "username": "bob",
        }
      }
      openModalOnClick={true}
      showBorders={true}
      showReplies={false}
    />
    <Connect(MemoComponent)
      key="[bob][2]"
      memo={
        Object {
          "avatarUrl": "https://s3.amazonaws.com/uifaces/faces/twitter/rangafangs/128.jpg",
          "idx": 2,
          "memoDatetime": "2018-07-26T16:45:10.954Z",
          "memoLikesCount": 0,
          "memoRepliesCount": 0,
          "memoText": "Quia est odio nemo deserunt.",
          "memoTipTotal": 0,
          "username": "bob",
        }
      }
      openModalOnClick={true}
      showBorders={true}
      showReplies={false}
    />
    <Connect(MemoComponent)
      key="[alice][1]"
      memo={
        Object {
          "avatarUrl": "https://s3.amazonaws.com/uifaces/faces/twitter/madcampos/128.jpg",
          "idx": 1,
          "memoDatetime": "2018-07-26T16:44:56.000Z",
          "memoLikesCount": 1,
          "memoRepliesCount": 0,
          "memoText": "Suscipit vel nobis.",
          "memoTipTotal": 0,
          "username": "alice",
        }
      }
      openModalOnClick={true}
      showBorders={true}
      showReplies={false}
    />
    <Connect(MemoComponent)
      key="[alice][2]"
      memo={
        Object {
          "avatarUrl": "https://s3.amazonaws.com/uifaces/faces/twitter/madcampos/128.jpg",
          "idx": 2,
          "memoDatetime": "2018-07-26T16:44:58.620Z",
          "memoLikesCount": 0,
          "memoRepliesCount": 0,
          "memoText": "Praesentium libero est repudiandae et repudiandae.",
          "memoTipTotal": 0,
          "username": "alice",
        }
      }
      openModalOnClick={true}
      showBorders={true}
      showReplies={false}
    />
    <Connect(MemoModalComponent) />
  </CommentGroup>
</Segment>
`;
