// Jest Snapshot v1, https://goo.gl/fbAQLP

exports[`<ProfileContentContainer /> Shallow rendering renders without crashing 1`] = `
<ProfileContentComponent
  followers={
    Array [
      undefined,
    ]
  }
  following={
    Array [
      undefined,
    ]
  }
  memos={
    Array [
      Object {
        "avatarUrl": "https://s3.amazonaws.com/uifaces/faces/twitter/madcampos/128.jpg",
        "idx": 1,
        "memoDatetime": "2018-07-26T16:44:56.000Z",
        "memoLikesCount": 1,
        "memoRepliesCount": 0,
        "memoText": "Suscipit vel nobis.",
        "memoTipTotal": 0,
        "username": "alice",
      },
      Object {
        "avatarUrl": "https://s3.amazonaws.com/uifaces/faces/twitter/madcampos/128.jpg",
        "idx": 2,
        "memoDatetime": "2018-07-26T16:44:58.620Z",
        "memoLikesCount": 0,
        "memoRepliesCount": 0,
        "memoText": "Praesentium libero est repudiandae et repudiandae.",
        "memoTipTotal": 0,
        "username": "alice",
      },
    ]
  }
  onFollowersClicked={[Function]}
  onFollowingClicked={[Function]}
  onMemosClicked={[Function]}
  pathname="/profile/alice/memos"
  profile={
    Object {
      "avatarUrl": "https://s3.amazonaws.com/uifaces/faces/twitter/madcampos/128.jpg",
      "bio": "Quod architecto molestias et.",
      "followersCount": 1,
      "followingCount": 1,
      "likesCount": 2,
      "username": "alice",
    }
  }
  username="alice"
/>
`;
