// Jest Snapshot v1, https://goo.gl/fbAQLP

exports[`<ProfileViewComponent /> renders loader without crashing 1`] = `
<Fragment>
  <Dimmer
    active={true}
    inverted={true}
  >
    <Loader
      size="small"
    >
      Loading
    </Loader>
  </Dimmer>
</Fragment>
`;

exports[`<ProfileViewComponent /> renders memos without crashing 1`] = `
<Fragment>
  <Container
    style={
      Object {
        "marginTop": "7em",
      }
    }
  >
    <Grid>
      <GridRow>
        <GridColumn
          width={4}
        >
          <Image
            as="img"
            circular={true}
            size="medium"
            src="AvatarUrl"
            ui={true}
          />
          <Segment>
            <Grid
              columns={2}
              stackable={true}
            >
              <GridColumn>
                <Header
                  as="h1"
                >
                  Username
                </Header>
              </GridColumn>
              <GridColumn>
                <Connect(FollowButtonComponent)
                  userProfile={
                    Object {
                      "avatarUrl": "AvatarUrl",
                      "bio": "Bio",
                      "followersCount": 1,
                      "followingCount": 1,
                      "username": "Username",
                    }
                  }
                />
              </GridColumn>
            </Grid>
          </Segment>
          <Segment>
            Bio
          </Segment>
        </GridColumn>
        <GridColumn
          width={12}
        >
          <Tab
            grid={
              Object {
                "paneWidth": 12,
                "tabWidth": 4,
              }
            }
            menu={
              Object {
                "attached": true,
                "tabular": true,
              }
            }
            onTabChange={[Function]}
            panes={
              Array [
                Object {
                  "active": false,
                  "menuItem": "Memos (1)",
                  "render": [Function],
                },
                Object {
                  "active": false,
                  "menuItem": "Followers (1)",
                  "render": [Function],
                },
                Object {
                  "active": false,
                  "menuItem": "Following (1)",
                  "render": [Function],
                },
              ]
            }
            renderActiveOnly={true}
          />
        </GridColumn>
      </GridRow>
    </Grid>
  </Container>
</Fragment>
`;
