// Jest Snapshot v1, https://goo.gl/fbAQLP

exports[`<ProfileViewContainer /> Shallow rendering renders without crashing 1`] = `
<ProfileViewComponent
  getMemosForUser={[Function]}
  getUserProfile={[Function]}
  match={
    Object {
      "params": Object {
        "username": "username",
      },
    }
  }
/>
`;
