// Jest Snapshot v1, https://goo.gl/fbAQLP

exports[`<HomeViewComponent /> renders without crashing 1`] = `
<Fragment>
  <Container
    style={
      Object {
        "marginTop": "7em",
      }
    }
    text={true}
  >
    <Connect(WithFormik(PostMemoComponent)) />
    <Connect(MemosComponent) />
  </Container>
</Fragment>
`;
