// Jest Snapshot v1, https://goo.gl/fbAQLP

exports[`<MemoFormComponent /> should render without crashing 1`] = `
<Form
  as="form"
  onClick={[Function]}
  reply={true}
>
  <FormTextArea
    as={[Function]}
    autoFocus={true}
    className=" error"
    control={[Function]}
    name="message"
    onClick={[Function]}
    value="replyMessage"
  />
  <Button
    as="button"
    content="Add Reply"
    disabled={true}
    icon="edit"
    labelPosition="left"
    primary={true}
    role="button"
    size="mini"
    type="submit"
  />
  <Button
    as="button"
    content="Cancel"
    role="button"
    size="mini"
    type="reset"
  />
</Form>
`;
